src/components/calendar/PubertyCalendar.tsx(1130,32): error TS2304: Cannot find name 'setShowSymptomCustomizer'.
src/components/calendar/PubertyCalendar.tsx(1436,8): error TS2552: Cannot find name 'showSymptomCustomizer'. Did you mean 'GlobalSymptomCustomizer'?
src/components/calendar/PubertyCalendar.tsx(1438,19): error TS2552: Cannot find name 'showSymptomCustomizer'. Did you mean 'GlobalSymptomCustomizer'?
src/components/calendar/PubertyCalendar.tsx(1439,26): error TS2304: Cannot find name 'setShowSymptomCustomizer'.
src/components/dashboard/TimelineOverview.tsx(185,17): error TS2322: Type 'string' is not assignable to type 'TestReminderStatus'.
src/components/healthlog/FamilyPlanningLogForm.tsx(42,14): error TS2345: Argument of type '{ phase: "family-planning"; lastPeriodDate: string; cycleLength: number; symptoms: { irregularCycle: boolean; ovulationPain: boolean; moodChanges: boolean; fatigue: boolean; stress: boolean; sleepIssues: boolean; }; mood: MoodType; sleepHours: number; }' is not assignable to parameter of type 'FamilyPlanningEntry'.
  Property 'sleepQuality' is missing in type '{ phase: "family-planning"; lastPeriodDate: string; cycleLength: number; symptoms: { irregularCycle: boolean; ovulationPain: boolean; moodChanges: boolean; fatigue: boolean; stress: boolean; sleepIssues: boolean; }; mood: MoodType; sleepHours: number; }' but required in type 'FamilyPlanningEntry'.
src/components/healthlog/MaternityLogForm.tsx(36,14): error TS2345: Argument of type '{ phase: "maternity"; fatigueLevel: FatigueLevel; hydrationGlasses: number; sleepHours: number; symptoms: { nausea: boolean; dizziness: boolean; swelling: boolean; backPain: boolean; sleepDisturbance: boolean; }; mood: MoodType; }' is not assignable to parameter of type 'MaternityEntry'.
  Property 'sleepQuality' is missing in type '{ phase: "maternity"; fatigueLevel: FatigueLevel; hydrationGlasses: number; sleepHours: number; symptoms: { nausea: boolean; dizziness: boolean; swelling: boolean; backPain: boolean; sleepDisturbance: boolean; }; mood: MoodType; }' but required in type 'MaternityEntry'.
src/components/healthlog/MenopauseLogForm.tsx(28,14): error TS2345: Argument of type '{ phase: "menopause"; symptoms: { hotFlashes: boolean; nightSweats: boolean; moodSwings: boolean; jointPain: boolean; sleepDisturbance: boolean; fatigue: boolean; }; sleepHours: number; mood: MoodType; }' is not assignable to parameter of type 'MenopauseEntry'.
  Property 'sleepQuality' is missing in type '{ phase: "menopause"; symptoms: { hotFlashes: boolean; nightSweats: boolean; moodSwings: boolean; jointPain: boolean; sleepDisturbance: boolean; fatigue: boolean; }; sleepHours: number; mood: MoodType; }' but required in type 'MenopauseEntry'.
src/components/healthlog/PubertyLogForm.tsx(33,14): error TS2345: Argument of type '{ phase: "puberty"; periodStarted: boolean; periodEnded: boolean; flowIntensity: FlowIntensity; symptoms: { cramps: boolean; fatigue: boolean; moodSwings: boolean; headache: boolean; acne: boolean; breastTenderness: boolean; }; mood: MoodType; }' is not assignable to parameter of type 'PubertyEntry'.
  Type '{ phase: "puberty"; periodStarted: boolean; periodEnded: boolean; flowIntensity: FlowIntensity; symptoms: { cramps: boolean; fatigue: boolean; moodSwings: boolean; headache: boolean; acne: boolean; breastTenderness: boolean; }; mood: MoodType; }' is missing the following properties from type 'PubertyEntry': sleepHours, sleepQuality
src/components/MapView.tsx(152,9): error TS2322: Type '{ children: (Element | Element[])[]; center: [number, number]; zoom: number; scrollWheelZoom: true; style: { height: string; width: string; }; className: string; }' is not assignable to type 'IntrinsicAttributes & MapContainerProps & RefAttributes<LeafletMap>'.
  Property 'center' does not exist on type 'IntrinsicAttributes & MapContainerProps & RefAttributes<LeafletMap>'.
src/components/MapView.tsx(160,11): error TS2322: Type '{ attribution: string; url: string; }' is not assignable to type 'IntrinsicAttributes & TileLayerProps & RefAttributes<LeafletTileLayer>'.
  Property 'attribution' does not exist on type 'IntrinsicAttributes & TileLayerProps & RefAttributes<LeafletTileLayer>'.
src/components/MapView.tsx(172,13): error TS2322: Type '{ children: Element; key: string; center: number[]; radius: number; pathOptions: { color: string; fillColor: string; fillOpacity: number; weight: number; }; }' is not assignable to type 'IntrinsicAttributes & CircleMarkerProps & RefAttributes<LeafletCircleMarker<any>>'.
  Property 'radius' does not exist on type 'IntrinsicAttributes & CircleMarkerProps & RefAttributes<LeafletCircleMarker<any>>'.
src/components/maternity/activities/useWeeklyScheduler.ts(54,13): error TS2769: No overload matches this call.
  Overload 1 of 2, '(relation: never): PostgrestQueryBuilder<{ PostgrestVersion: "14.4"; }, { Tables: {}; Views: {}; Functions: {}; Enums: {}; CompositeTypes: {}; }, never, never, never>', gave the following error.
    Argument of type '"maternity_exercise_logs"' is not assignable to parameter of type 'never'.
  Overload 2 of 2, '(relation: never): PostgrestQueryBuilder<{ PostgrestVersion: "14.4"; }, { Tables: {}; Views: {}; Functions: {}; Enums: {}; CompositeTypes: {}; }, never, never, never>', gave the following error.
    Argument of type '"maternity_exercise_logs"' is not assignable to parameter of type 'never'.
src/components/maternity/activities/useWeeklyScheduler.ts(62,14): error TS2339: Property 'generation_seed' does not exist on type 'never'.
src/components/maternity/activities/useWeeklyScheduler.ts(64,22): error TS2339: Property 'statuses' does not exist on type 'never'.
src/components/maternity/activities/useWeeklyScheduler.ts(65,25): error TS2339: Property 'activity_ids' does not exist on type 'never'.
src/components/maternity/activities/useWeeklyScheduler.ts(80,25): error TS2769: No overload matches this call.
  Overload 1 of 2, '(relation: never): PostgrestQueryBuilder<{ PostgrestVersion: "14.4"; }, { Tables: {}; Views: {}; Functions: {}; Enums: {}; CompositeTypes: {}; }, never, never, never>', gave the following error.
    Argument of type '"maternity_exercise_logs"' is not assignable to parameter of type 'never'.
  Overload 2 of 2, '(relation: never): PostgrestQueryBuilder<{ PostgrestVersion: "14.4"; }, { Tables: {}; Views: {}; Functions: {}; Enums: {}; CompositeTypes: {}; }, never, never, never>', gave the following error.
    Argument of type '"maternity_exercise_logs"' is not assignable to parameter of type 'never'.
src/components/maternity/activities/useWeeklyScheduler.ts(82,9): error TS2353: Object literal may only specify known properties, and 'user_id' does not exist in type 'never[]'.
src/components/nutrition/NutritionChecklistSection.tsx(75,17): error TS2769: No overload matches this call.
  Overload 1 of 2, '(relation: never): PostgrestQueryBuilder<{ PostgrestVersion: "14.4"; }, { Tables: {}; Views: {}; Functions: {}; Enums: {}; CompositeTypes: {}; }, never, never, never>', gave the following error.
    Argument of type '"nutrition_checklist_logs"' is not assignable to parameter of type 'never'.
  Overload 2 of 2, '(relation: never): PostgrestQueryBuilder<{ PostgrestVersion: "14.4"; }, { Tables: {}; Views: {}; Functions: {}; Enums: {}; CompositeTypes: {}; }, never, never, never>', gave the following error.
    Argument of type '"nutrition_checklist_logs"' is not assignable to parameter of type 'never'.
src/components/nutrition/NutritionChecklistSection.tsx(82,45): error TS2339: Property 'task_id' does not exist on type 'never'.
src/components/nutrition/NutritionChecklistSection.tsx(117,29): error TS2769: No overload matches this call.
  Overload 1 of 2, '(relation: never): PostgrestQueryBuilder<{ PostgrestVersion: "14.4"; }, { Tables: {}; Views: {}; Functions: {}; Enums: {}; CompositeTypes: {}; }, never, never, never>', gave the following error.
    Argument of type '"nutrition_checklist_logs"' is not assignable to parameter of type 'never'.
  Overload 2 of 2, '(relation: never): PostgrestQueryBuilder<{ PostgrestVersion: "14.4"; }, { Tables: {}; Views: {}; Functions: {}; Enums: {}; CompositeTypes: {}; }, never, never, never>', gave the following error.
    Argument of type '"nutrition_checklist_logs"' is not assignable to parameter of type 'never'.
src/components/nutrition/NutritionChecklistSection.tsx(118,11): error TS2353: Object literal may only specify known properties, and 'user_id' does not exist in type 'never[]'.
src/components/nutrition/NutritionChecklistSection.tsx(125,29): error TS2769: No overload matches this call.
  Overload 1 of 2, '(relation: never): PostgrestQueryBuilder<{ PostgrestVersion: "14.4"; }, { Tables: {}; Views: {}; Functions: {}; Enums: {}; CompositeTypes: {}; }, never, never, never>', gave the following error.
    Argument of type '"nutrition_checklist_logs"' is not assignable to parameter of type 'never'.
  Overload 2 of 2, '(relation: never): PostgrestQueryBuilder<{ PostgrestVersion: "14.4"; }, { Tables: {}; Views: {}; Functions: {}; Enums: {}; CompositeTypes: {}; }, never, never, never>', gave the following error.
    Argument of type '"nutrition_checklist_logs"' is not assignable to parameter of type 'never'.
src/hooks/useHealthLog.tsx(608,17): error TS2769: No overload matches this call.
  Overload 1 of 2, '(relation: never): PostgrestQueryBuilder<{ PostgrestVersion: "14.4"; }, { Tables: {}; Views: {}; Functions: {}; Enums: {}; CompositeTypes: {}; }, never, never, never>', gave the following error.
    Argument of type '"health_logs"' is not assignable to parameter of type 'never'.
  Overload 2 of 2, '(relation: never): PostgrestQueryBuilder<{ PostgrestVersion: "14.4"; }, { Tables: {}; Views: {}; Functions: {}; Enums: {}; CompositeTypes: {}; }, never, never, never>', gave the following error.
    Argument of type '"health_logs"' is not assignable to parameter of type 'never'.
src/hooks/useHealthLog.tsx(621,35): error TS2339: Property 'log_date' does not exist on type 'never'.
src/hooks/useHealthLog.tsx(622,33): error TS2339: Property 'phase' does not exist on type 'never'.
src/hooks/useHealthLog.tsx(623,33): error TS2339: Property 'entry_data' does not exist on type 'never'.
src/hooks/useHealthLog.tsx(687,21): error TS2769: No overload matches this call.
  Overload 1 of 2, '(relation: never): PostgrestQueryBuilder<{ PostgrestVersion: "14.4"; }, { Tables: {}; Views: {}; Functions: {}; Enums: {}; CompositeTypes: {}; }, never, never, never>', gave the following error.
    Argument of type '"health_logs"' is not assignable to parameter of type 'never'.
  Overload 2 of 2, '(relation: never): PostgrestQueryBuilder<{ PostgrestVersion: "14.4"; }, { Tables: {}; Views: {}; Functions: {}; Enums: {}; CompositeTypes: {}; }, never, never, never>', gave the following error.
    Argument of type '"health_logs"' is not assignable to parameter of type 'never'.
src/hooks/useHealthLog.tsx(688,9): error TS2353: Object literal may only specify known properties, and 'user_id' does not exist in type 'never[]'.
src/hooks/useHealthLog.tsx(719,23): error TS2769: No overload matches this call.
  Overload 1 of 2, '(relation: never): PostgrestQueryBuilder<{ PostgrestVersion: "14.4"; }, { Tables: {}; Views: {}; Functions: {}; Enums: {}; CompositeTypes: {}; }, never, never, never>', gave the following error.
    Argument of type '"health_logs"' is not assignable to parameter of type 'never'.
  Overload 2 of 2, '(relation: never): PostgrestQueryBuilder<{ PostgrestVersion: "14.4"; }, { Tables: {}; Views: {}; Functions: {}; Enums: {}; CompositeTypes: {}; }, never, never, never>', gave the following error.
    Argument of type '"health_logs"' is not assignable to parameter of type 'never'.
src/hooks/useHealthLog.tsx(719,45): error TS2345: Argument of type '{ user_id: string; log_date: string; phase: "puberty" | "maternity" | "family-planning" | "menopause"; entry_data: any; }[]' is not assignable to parameter of type 'never[]'.
  Type '{ user_id: string; log_date: string; phase: "puberty" | "maternity" | "family-planning" | "menopause"; entry_data: any; }' is not assignable to type 'never'.
src/hooks/useHealthLog.tsx(748,33): error TS2769: No overload matches this call.
  Overload 1 of 2, '(relation: never): PostgrestQueryBuilder<{ PostgrestVersion: "14.4"; }, { Tables: {}; Views: {}; Functions: {}; Enums: {}; CompositeTypes: {}; }, never, never, never>', gave the following error.
    Argument of type '"health_logs"' is not assignable to parameter of type 'never'.
  Overload 2 of 2, '(relation: never): PostgrestQueryBuilder<{ PostgrestVersion: "14.4"; }, { Tables: {}; Views: {}; Functions: {}; Enums: {}; CompositeTypes: {}; }, never, never, never>', gave the following error.
    Argument of type '"health_logs"' is not assignable to parameter of type 'never'.
src/hooks/useHealthLog.tsx(778,33): error TS2769: No overload matches this call.
  Overload 1 of 2, '(relation: never): PostgrestQueryBuilder<{ PostgrestVersion: "14.4"; }, { Tables: {}; Views: {}; Functions: {}; Enums: {}; CompositeTypes: {}; }, never, never, never>', gave the following error.
    Argument of type '"health_logs"' is not assignable to parameter of type 'never'.
  Overload 2 of 2, '(relation: never): PostgrestQueryBuilder<{ PostgrestVersion: "14.4"; }, { Tables: {}; Views: {}; Functions: {}; Enums: {}; CompositeTypes: {}; }, never, never, never>', gave the following error.
    Argument of type '"health_logs"' is not assignable to parameter of type 'never'.
src/hooks/usePhase.tsx(55,29): error TS2769: No overload matches this call.
  Overload 1 of 2, '(relation: never): PostgrestQueryBuilder<{ PostgrestVersion: "14.4"; }, { Tables: {}; Views: {}; Functions: {}; Enums: {}; CompositeTypes: {}; }, never, never, never>', gave the following error.
    Argument of type '"user_profiles"' is not assignable to parameter of type 'never'.
  Overload 2 of 2, '(relation: never): PostgrestQueryBuilder<{ PostgrestVersion: "14.4"; }, { Tables: {}; Views: {}; Functions: {}; Enums: {}; CompositeTypes: {}; }, never, never, never>', gave the following error.
    Argument of type '"user_profiles"' is not assignable to parameter of type 'never'.
src/hooks/usePhase.tsx(55,53): error TS2345: Argument of type '{ health_cycle_status: Phase; }' is not assignable to parameter of type 'never'.
src/hooks/useProfile.tsx(273,61): error TS2339: Property 'menarcheDate' does not exist on type '{ lifeStage: string; expectedDueDate?: string; trimester?: string; lastPeriodDate?: string; cycleLength?: string; haemoglobin?: string; dietType?: "mixed" | "veg"; knownConditions?: string; medicalConditions?: string[]; }'.
src/hooks/useProfileDerivedStats.ts(32,58): error TS2820: Type '"lose-weight"' is not assignable to type 'GoalPreference'. Did you mean '"lose-Weight"'?
src/lib/maternitySymptomMonitor.ts(91,55): error TS2345: Argument of type '[string, HealthLogEntry][]' is not assignable to parameter of type '[string, Record<string, unknown>][]'.
  Type '[string, HealthLogEntry]' is not assignable to type '[string, Record<string, unknown>]'.
    Type at position 1 in source is not compatible with type at position 1 in target.
      Type 'HealthLogEntry' is not assignable to type 'Record<string, unknown>'.
        Type 'PubertyEntry' is not assignable to type 'Record<string, unknown>'.
          Index signature for type 'string' is missing in type 'PubertyEntry'.
src/lib/nutrition/nutritionFoodRegistry.ts(143,14): error TS2741: Property 'postpartum' is missing in type '{ puberty: { symptoms: string[]; nutrientPriorities: { iron: number; calcium: number; protein: number; zinc: number; vitD: number; }; title: string; emoji: string; gradient: string; }; maternity: { symptoms: string[]; nutrientPriorities: { ...; }; title: string; emoji: string; gradient: string; }; "family-planning":...' but required in type 'Record<Phase, PhaseConfig>'.
src/lib/nutrition/nutritionFoodRegistry.ts(194,14): error TS2741: Property 'postpartum' is missing in type '{ puberty: Record<string, number>; maternity: Record<string, number>; "family-planning": Record<string, number>; menopause: Record<string, number>; }' but required in type 'Record<Phase, Record<string, number>>'.
src/lib/nutrition/nutritionSymptomRegistry.ts(22,14): error TS2741: Property 'postpartum' is missing in type '{ puberty: { id: string; label: string; emoji: string; category: "phase-specific"; }[]; maternity: { id: string; label: string; emoji: string; category: "phase-specific"; }[]; "family-planning": { id: string; label: string; emoji: string; category: "phase-specific"; }[]; menopause: { ...; }[]; }' but required in type 'Record<Phase, SymptomDef[]>'.
src/lib/premature/recoveryScoreEngine.ts(145,68): error TS2677: A type predicate's type must be assignable to its parameter's type.
  Type 'string' is not assignable to type 'FatigueLevel'.
src/lib/premature/recoveryScoreEngine.ts(153,60): error TS2677: A type predicate's type must be assignable to its parameter's type.
  Type 'string' is not assignable to type 'MoodType'.
src/lib/pubertyNutritionEngine.ts(573,5): error TS2740: Type '{ hasData: false; ageGroup: PubertyAgeGroup; deficiencies: undefined[]; generalTips: string[]; disclaimer: string; }' is missing the following properties from type 'PubertyNutritionResult': nutrientRecommendations, specialNotes, analyzedDays, pubertyTiming, and 2 more.
src/lib/pubertyNutritionEngine.ts(616,3): error TS2740: Type '{ hasData: true; ageGroup: PubertyAgeGroup; deficiencies: PubertyDeficiencyPrediction[]; generalTips: string[]; disclaimer: string; }' is missing the following properties from type 'PubertyNutritionResult': nutrientRecommendations, specialNotes, analyzedDays, pubertyTiming, and 2 more.
src/lib/wellnessCommandEngine.ts(381,5): error TS2741: Property 'trendLabel' is missing in type '{ status: "moderate" | "good" | "poor"; detail: string; trend: BodySignal["trend"]; label: string; id: string; emoji: string; value: number; }' but required in type 'BodySignal'.
src/lib/wellnessCommandEngine.ts(390,5): error TS2741: Property 'trendLabel' is missing in type '{ status: "moderate" | "good" | "poor"; detail: string; trend: BodySignal["trend"]; label: string; id: string; emoji: string; value: number; }' but required in type 'BodySignal'.
src/lib/wellnessCommandEngine.ts(399,5): error TS2741: Property 'trendLabel' is missing in type '{ status: "moderate" | "good" | "poor"; detail: string; trend: BodySignal["trend"]; label: string; id: string; emoji: string; value: number; }' but required in type 'BodySignal'.
src/lib/wellnessCommandEngine.ts(408,5): error TS2741: Property 'trendLabel' is missing in type '{ status: "moderate" | "good" | "poor"; detail: string; trend: BodySignal["trend"]; label: string; id: string; emoji: string; value: number; }' but required in type 'BodySignal'.
src/lib/wellnessEngine.ts(287,3): error TS2741: Property 'postpartum' is missing in type '{ puberty: { breakfast: string[]; lunch: string[]; dinner: string[]; snacks: string[]; }; maternity: { breakfast: string[]; lunch: string[]; dinner: string[]; snacks: string[]; }; "family-planning": { breakfast: string[]; lunch: string[]; dinner: string[]; snacks: string[]; }; menopause: { ...; }; }' but required in type 'Record<Phase, { breakfast: string[]; lunch: string[]; dinner: string[]; snacks: string[]; }>'.
src/lib/wellnessEngine.ts(313,3): error TS2741: Property 'postpartum' is missing in type '{ puberty: { breakfast: string[]; lunch: string[]; dinner: string[]; snacks: string[]; }; maternity: { breakfast: string[]; lunch: string[]; dinner: string[]; snacks: string[]; }; "family-planning": { breakfast: string[]; lunch: string[]; dinner: string[]; snacks: string[]; }; menopause: { ...; }; }' but required in type 'Record<Phase, { breakfast: string[]; lunch: string[]; dinner: string[]; snacks: string[]; }>'.
src/lib/wellnessEngine.ts(339,3): error TS2741: Property 'postpartum' is missing in type '{ puberty: { breakfast: string[]; lunch: string[]; dinner: string[]; snacks: string[]; }; maternity: { breakfast: string[]; lunch: string[]; dinner: string[]; snacks: string[]; }; "family-planning": { breakfast: string[]; lunch: string[]; dinner: string[]; snacks: string[]; }; menopause: { ...; }; }' but required in type 'Record<Phase, { breakfast: string[]; lunch: string[]; dinner: string[]; snacks: string[]; }>'.
src/lib/wellnessEngine.ts(365,3): error TS2741: Property 'postpartum' is missing in type '{ puberty: { breakfast: string[]; lunch: string[]; dinner: string[]; snacks: string[]; }; maternity: { breakfast: string[]; lunch: string[]; dinner: string[]; snacks: string[]; }; "family-planning": { breakfast: string[]; lunch: string[]; dinner: string[]; snacks: string[]; }; menopause: { ...; }; }' but required in type 'Record<Phase, { breakfast: string[]; lunch: string[]; dinner: string[]; snacks: string[]; }>'.
src/modules/doctor/hooks/useDoctorProfile.ts(20,7): error TS2741: Property 'doctorCode' is missing in type '{ name: string; specialty: string; hospital: string; clinic: string; experience: string; contact: string; email: string; address: string; qualifications: string[]; timings: string; }' but required in type 'DoctorProfileData'.
src/modules/maternity/dashboard/weeklyProgress/WeeklyProgressCard.tsx(58,17): error TS2339: Property 'hydrationGlasses' does not exist on type 'HealthLogEntry'.
  Property 'hydrationGlasses' does not exist on type 'PubertyEntry'.
src/modules/maternity/dashboard/weeklyProgress/WeeklyProgressCard.tsx(58,52): error TS2339: Property 'hydrationGlasses' does not exist on type 'HealthLogEntry'.
  Property 'hydrationGlasses' does not exist on type 'PubertyEntry'.
src/modules/maternity/dashboard/weeklyProgress/WeeklyProgressCard.tsx(59,31): error TS2339: Property 'hydrationGlasses' does not exist on type 'HealthLogEntry'.
  Property 'hydrationGlasses' does not exist on type 'PubertyEntry'.
src/modules/maternity/dashboard/weeklyProgress/WeeklyProgressCard.tsx(70,17): error TS2339: Property 'fatigueLevel' does not exist on type 'HealthLogEntry'.
  Property 'fatigueLevel' does not exist on type 'PubertyEntry'.
src/modules/maternity/dashboard/weeklyProgress/WeeklyProgressCard.tsx(76,17): error TS2339: Property 'hydrationGlasses' does not exist on type 'HealthLogEntry'.
  Property 'hydrationGlasses' does not exist on type 'PubertyEntry'.
src/modules/puberty/nutrition-guide/pages/PubertyPersonalizedDietPage.tsx(145,17): error TS2769: No overload matches this call.
  Overload 1 of 2, '(relation: never): PostgrestQueryBuilder<{ PostgrestVersion: "14.4"; }, { Tables: {}; Views: {}; Functions: {}; Enums: {}; CompositeTypes: {}; }, never, never, never>', gave the following error.
    Argument of type '"nutrition_checklist_logs"' is not assignable to parameter of type 'never'.
  Overload 2 of 2, '(relation: never): PostgrestQueryBuilder<{ PostgrestVersion: "14.4"; }, { Tables: {}; Views: {}; Functions: {}; Enums: {}; CompositeTypes: {}; }, never, never, never>', gave the following error.
    Argument of type '"nutrition_checklist_logs"' is not assignable to parameter of type 'never'.
src/modules/puberty/nutrition-guide/pages/PubertyPersonalizedDietPage.tsx(152,45): error TS2339: Property 'task_id' does not exist on type 'never'.
src/modules/puberty/nutrition-guide/pages/PubertyPersonalizedDietPage.tsx(175,29): error TS2769: No overload matches this call.
  Overload 1 of 2, '(relation: never): PostgrestQueryBuilder<{ PostgrestVersion: "14.4"; }, { Tables: {}; Views: {}; Functions: {}; Enums: {}; CompositeTypes: {}; }, never, never, never>', gave the following error.
    Argument of type '"nutrition_checklist_logs"' is not assignable to parameter of type 'never'.
  Overload 2 of 2, '(relation: never): PostgrestQueryBuilder<{ PostgrestVersion: "14.4"; }, { Tables: {}; Views: {}; Functions: {}; Enums: {}; CompositeTypes: {}; }, never, never, never>', gave the following error.
    Argument of type '"nutrition_checklist_logs"' is not assignable to parameter of type 'never'.
src/modules/puberty/nutrition-guide/pages/PubertyPersonalizedDietPage.tsx(176,11): error TS2353: Object literal may only specify known properties, and 'user_id' does not exist in type 'never[]'.
src/modules/puberty/nutrition-guide/pages/PubertyPersonalizedDietPage.tsx(183,29): error TS2769: No overload matches this call.
  Overload 1 of 2, '(relation: never): PostgrestQueryBuilder<{ PostgrestVersion: "14.4"; }, { Tables: {}; Views: {}; Functions: {}; Enums: {}; CompositeTypes: {}; }, never, never, never>', gave the following error.
    Argument of type '"nutrition_checklist_logs"' is not assignable to parameter of type 'never'.
  Overload 2 of 2, '(relation: never): PostgrestQueryBuilder<{ PostgrestVersion: "14.4"; }, { Tables: {}; Views: {}; Functions: {}; Enums: {}; CompositeTypes: {}; }, never, never, never>', gave the following error.
    Argument of type '"nutrition_checklist_logs"' is not assignable to parameter of type 'never'.
src/modules/puberty/nutrition-guide/services/pubertyFitnessCalculatorService.ts(71,7): error TS2367: This comparison appears to be unintentional because the types 'GoalPreference' and '"lose-weight"' have no overlap.
src/pages/Assistant.tsx(58,7): error TS2741: Property 'postpartum' is missing in type '{ puberty: string[]; maternity: undefined[]; "family-planning": string[]; menopause: string[]; }' but required in type 'Record<Phase, string[]>'.
src/pages/Assistant.tsx(243,9): error TS2741: Property 'postpartum' is missing in type '{ puberty: string; maternity: string; "family-planning": string; menopause: string; }' but required in type 'Record<Phase, string>'.
src/pages/Assistant.tsx(249,9): error TS2741: Property 'postpartum' is missing in type '{ puberty: string; maternity: string; "family-planning": string; menopause: string; }' but required in type 'Record<Phase, string>'.
src/pages/Assistant.tsx(255,9): error TS2741: Property 'postpartum' is missing in type '{ puberty: string; maternity: string; "family-planning": string; menopause: string; }' but required in type 'Record<Phase, string>'.
src/pages/Calendar.tsx(1345,7): error TS2322: Type '{ phase: "puberty"; periodStarted: boolean; periodEnded: false; flowIntensity: null; bleedingLevel: BleedingLevel | undefined; bloodColor: PeriodBloodColor; periodSymptoms: { ...; }; ... 6 more ...; notes: string; }' is not assignable to type 'HealthLogEntry'.
  Types of property 'symptoms' are incompatible.
    Type '{ [x: string]: boolean; }' is missing the following properties from type '{ cramps: boolean; fatigue: boolean; moodSwings: boolean; headache: boolean; acne: boolean; breastTenderness: boolean; bloating?: boolean; backPain?: boolean; foodCravings?: boolean; irritability?: boolean; sleepIssues?: boolean; anxiety?: boolean; }': cramps, fatigue, moodSwings, headache, and 2 more.
src/pages/Calendar.tsx(1380,7): error TS2322: Type '{ phase: "family-planning"; lastPeriodDate: any; cycleLength: any; periodStarted: boolean; bloodColor: PeriodBloodColor; periodSymptoms: { badSmell: boolean; itching: boolean; severePain: boolean; }; ... 5 more ...; notes: string; }' is not assignable to type 'HealthLogEntry'.
  Types of property 'symptoms' are incompatible.
    Type '{ [x: string]: boolean; }' is missing the following properties from type '{ irregularCycle: boolean; ovulationPain: boolean; moodChanges: boolean; fatigue: boolean; stress: boolean; sleepIssues: boolean; }': irregularCycle, ovulationPain, moodChanges, fatigue, and 2 more.
src/pages/Calendar.tsx(1396,7): error TS2322: Type '{ phase: "menopause"; symptoms: { [x: string]: boolean; }; sleepHours: number; sleepQuality: "Good" | "Okay" | "Poor"; mood: "Low" | "Good" | "Okay"; notes: string; }' is not assignable to type 'HealthLogEntry'.
  Types of property 'symptoms' are incompatible.
    Type '{ [x: string]: boolean; }' is missing the following properties from type '{ hotFlashes: boolean; nightSweats: boolean; moodSwings: boolean; jointPain: boolean; sleepDisturbance: boolean; fatigue: boolean; }': hotFlashes, nightSweats, moodSwings, jointPain, and 2 more.
src/pages/menopause/WellnessPlan.tsx(136,44): error TS2339: Property 'emoji' does not exist on type 'ExerciseDay'.
src/pages/menopause/WellnessPlan.tsx(390,74): error TS2339: Property 'emoji' does not exist on type 'SleepTip'.
src/pages/Profile.tsx(267,35): error TS2345: Argument of type '"Tamil Nadu" | "Kerala" | "Karnataka" | "Andhra Pradesh" | "Delhi" | "Punjab" | "Haryana" | "Uttar Pradesh" | "West Bengal" | "Odisha" | "Bihar" | "Assam" | "Maharashtra" | "Gujarat" | "Rajasthan" | "Goa"' is not assignable to parameter of type 'never'.
  Type '"Tamil Nadu"' is not assignable to type 'never'.
src/pages/puberty/PubertyDeficiencyPage.tsx(34,23): error TS2552: Cannot find name 'useProfile'. Did you mean 'profile'?
src/pages/puberty/PubertyDeficiencyPage.tsx(35,40): error TS2304: Cannot find name 'useOnboarding'.
src/pages/Register.tsx(114,35): error TS2345: Argument of type '"Tamil Nadu" | "Kerala" | "Karnataka" | "Andhra Pradesh" | "Delhi" | "Punjab" | "Haryana" | "Uttar Pradesh" | "West Bengal" | "Odisha" | "Bihar" | "Assam" | "Maharashtra" | "Gujarat" | "Rajasthan" | "Goa"' is not assignable to parameter of type 'never'.
  Type '"Tamil Nadu"' is not assignable to type 'never'.
src/pages/Shopping.tsx(8,7): error TS2739: Type '{ puberty: { label: string; color: string; items: { name: string; desc: string; purpose: string; price: string; }[]; }; maternity: { label: string; color: string; items: { name: string; desc: string; purpose: string; price: string; }[]; }; "family-planning": { ...; }; }' is missing the following properties from type 'Record<Phase, { label: string; color: string; items: Product[]; }>': postpartum, menopause
src/pages/VaccineTracker.tsx(53,7): error TS2739: Type '{ puberty: { id: string; name: string; schedule: string; note: string; defaultOffsetDays: number; }[]; maternity: { id: string; name: string; schedule: string; note: string; defaultOffsetDays: number; }[]; "family-planning": { ...; }[]; }' is missing the following properties from type 'Record<Phase, VaccineDef[]>': postpartum, menopause
src/pages/WellnessDashboard.tsx(285,17): error TS2769: No overload matches this call.
  Overload 1 of 2, '(relation: never): PostgrestQueryBuilder<{ PostgrestVersion: "14.4"; }, { Tables: {}; Views: {}; Functions: {}; Enums: {}; CompositeTypes: {}; }, never, never, never>', gave the following error.
    Argument of type '"wellness_action_logs"' is not assignable to parameter of type 'never'.
  Overload 2 of 2, '(relation: never): PostgrestQueryBuilder<{ PostgrestVersion: "14.4"; }, { Tables: {}; Views: {}; Functions: {}; Enums: {}; CompositeTypes: {}; }, never, never, never>', gave the following error.
    Argument of type '"wellness_action_logs"' is not assignable to parameter of type 'never'.
src/pages/WellnessDashboard.tsx(291,46): error TS2339: Property 'action_id' does not exist on type 'never'.
src/pages/WellnessDashboard.tsx(315,33): error TS2769: No overload matches this call.
  Overload 1 of 2, '(relation: never): PostgrestQueryBuilder<{ PostgrestVersion: "14.4"; }, { Tables: {}; Views: {}; Functions: {}; Enums: {}; CompositeTypes: {}; }, never, never, never>', gave the following error.
    Argument of type '"wellness_action_logs"' is not assignable to parameter of type 'never'.
  Overload 2 of 2, '(relation: never): PostgrestQueryBuilder<{ PostgrestVersion: "14.4"; }, { Tables: {}; Views: {}; Functions: {}; Enums: {}; CompositeTypes: {}; }, never, never, never>', gave the following error.
    Argument of type '"wellness_action_logs"' is not assignable to parameter of type 'never'.
src/pages/WellnessDashboard.tsx(316,15): error TS2353: Object literal may only specify known properties, and 'user_id' does not exist in type 'never[]'.
src/pages/WellnessDashboard.tsx(322,33): error TS2769: No overload matches this call.
  Overload 1 of 2, '(relation: never): PostgrestQueryBuilder<{ PostgrestVersion: "14.4"; }, { Tables: {}; Views: {}; Functions: {}; Enums: {}; CompositeTypes: {}; }, never, never, never>', gave the following error.
    Argument of type '"wellness_action_logs"' is not assignable to parameter of type 'never'.
  Overload 2 of 2, '(relation: never): PostgrestQueryBuilder<{ PostgrestVersion: "14.4"; }, { Tables: {}; Views: {}; Functions: {}; Enums: {}; CompositeTypes: {}; }, never, never, never>', gave the following error.
    Argument of type '"wellness_action_logs"' is not assignable to parameter of type 'never'.
src/services/fitnessCalculatorService.ts(71,7): error TS2367: This comparison appears to be unintentional because the types 'GoalPreference' and '"lose-weight"' have no overlap.
src/test/healthlog.test.ts(28,7): error TS2322: Type '{ phase: "puberty"; periodStarted: true; periodEnded: false; flowIntensity: null; symptoms: { cramps: false; fatigue: false; moodSwings: false; headache: false; acne: false; breastTenderness: false; }; mood: null; }' is not assignable to type 'HealthLogEntry'.
  Type '{ phase: "puberty"; periodStarted: true; periodEnded: false; flowIntensity: null; symptoms: { cramps: false; fatigue: false; moodSwings: false; headache: false; acne: false; breastTenderness: false; }; mood: null; }' is missing the following properties from type 'PubertyEntry': sleepHours, sleepQuality
src/test/healthlog.test.ts(35,7): error TS2322: Type '{ phase: "puberty"; periodStarted: true; periodEnded: false; flowIntensity: null; symptoms: { cramps: false; fatigue: false; moodSwings: false; headache: false; acne: false; breastTenderness: false; }; mood: null; }' is not assignable to type 'HealthLogEntry'.
  Type '{ phase: "puberty"; periodStarted: true; periodEnded: false; flowIntensity: null; symptoms: { cramps: false; fatigue: false; moodSwings: false; headache: false; acne: false; breastTenderness: false; }; mood: null; }' is missing the following properties from type 'PubertyEntry': sleepHours, sleepQuality
src/test/healthlog.test.ts(36,7): error TS2322: Type '{ phase: "puberty"; periodStarted: true; periodEnded: false; flowIntensity: null; symptoms: { cramps: false; fatigue: false; moodSwings: false; headache: false; acne: false; breastTenderness: false; }; mood: null; }' is not assignable to type 'HealthLogEntry'.
  Type '{ phase: "puberty"; periodStarted: true; periodEnded: false; flowIntensity: null; symptoms: { cramps: false; fatigue: false; moodSwings: false; headache: false; acne: false; breastTenderness: false; }; mood: null; }' is missing the following properties from type 'PubertyEntry': sleepHours, sleepQuality
src/test/healthlog.test.ts(45,7): error TS2322: Type '{ phase: "puberty"; periodStarted: false; periodEnded: false; flowIntensity: null; symptoms: { cramps: false; fatigue: false; moodSwings: false; headache: false; }; mood: null; }' is not assignable to type 'HealthLogEntry'.
  Types of property 'symptoms' are incompatible.
    Type '{ cramps: false; fatigue: false; moodSwings: false; headache: false; }' is missing the following properties from type '{ cramps: boolean; fatigue: boolean; moodSwings: boolean; headache: boolean; acne: boolean; breastTenderness: boolean; bloating?: boolean; backPain?: boolean; foodCravings?: boolean; irritability?: boolean; sleepIssues?: boolean; anxiety?: boolean; }': acne, breastTenderness
src/test/healthlog.test.ts(52,7): error TS2322: Type '{ phase: "menopause"; symptoms: { hotFlashes: true; nightSweats: false; moodSwings: true; jointPain: false; sleepDisturbance: false; fatigue: false; }; sleepHours: number; mood: null; }' is not assignable to type 'HealthLogEntry'.
  Property 'sleepQuality' is missing in type '{ phase: "menopause"; symptoms: { hotFlashes: true; nightSweats: false; moodSwings: true; jointPain: false; sleepDisturbance: false; fatigue: false; }; sleepHours: number; mood: null; }' but required in type 'MenopauseEntry'.
src/test/healthlog.test.ts(53,7): error TS2322: Type '{ phase: "menopause"; symptoms: { hotFlashes: true; nightSweats: true; moodSwings: false; jointPain: false; sleepDisturbance: false; fatigue: false; }; sleepHours: number; mood: "Good"; }' is not assignable to type 'HealthLogEntry'.
  Property 'sleepQuality' is missing in type '{ phase: "menopause"; symptoms: { hotFlashes: true; nightSweats: true; moodSwings: false; jointPain: false; sleepDisturbance: false; fatigue: false; }; sleepHours: number; mood: "Good"; }' but required in type 'MenopauseEntry'.
src/test/healthlog.test.ts(64,7): error TS2322: Type '{ phase: "maternity"; fatigueLevel: null; hydrationGlasses: number; sleepHours: number; symptoms: { nausea: false; dizziness: false; swelling: false; backPain: false; sleepDisturbance: false; }; mood: null; }' is not assignable to type 'HealthLogEntry'.
  Property 'sleepQuality' is missing in type '{ phase: "maternity"; fatigueLevel: null; hydrationGlasses: number; sleepHours: number; symptoms: { nausea: false; dizziness: false; swelling: false; backPain: false; sleepDisturbance: false; }; mood: null; }' but required in type 'MaternityEntry'.
src/test/healthlog.test.ts(72,7): error TS2322: Type '{ phase: "maternity"; fatigueLevel: null; hydrationGlasses: number; sleepHours: number; symptoms: { nausea: false; dizziness: false; swelling: false; backPain: false; sleepDisturbance: false; }; mood: null; }' is not assignable to type 'HealthLogEntry'.
  Property 'sleepQuality' is missing in type '{ phase: "maternity"; fatigueLevel: null; hydrationGlasses: number; sleepHours: number; symptoms: { nausea: false; dizziness: false; swelling: false; backPain: false; sleepDisturbance: false; }; mood: null; }' but required in type 'MaternityEntry'.
